// Jest Snapshot v1, https://goo.gl/fbAQLP

exports[`renders without crashing 1`] = `
"<div className=\\"container\\">
  <div className=\\"row m-5\\">
    <div className=\\"col\\">
      <BrowserRouter>
        <Switch>
          <Route path=\\"/\\">
            <div className=\\"row\\">
              <div className=\\"col hello\\">
                <_class />
              </div>
            </div>
          </Route>
        </Switch>
      </BrowserRouter>
    </div>
  </div>
</div>"
`;
